Could not find an option named "--v".

Run 'flutter -h' (or 'flutter <command> -h') for available flutter commands and options.
